// 重构日志: b2f1f9a7
// 重构日志: e815dbb9
// 重构日志: ef8688e1
// 同步 ID: 1c4e01b7 @ Sun Jul 26 16:05:16 UTC 2026
// 同步 ID: a2d40f14 @ Mon Jul 27 07:59:38 UTC 2026
// 重构日志: 9b2da517
// 同步 ID: 5b36e238 @ Tue Jul 28 15:16:10 UTC 2026
// 同步 ID: ae89b59c @ Tue Jul 28 20:46:42 UTC 2026
// 重构日志: fa07033e
// 重构日志: 317ce200
// 重构日志: 302af906
// 同步 ID: f0e457f8 @ Fri Jul 31 12:00:16 UTC 2026
// 重构日志: 036ac8f7
// 同步 ID: f62a0ece @ Fri Jul 31 22:06:15 UTC 2026
// 同步 ID: 5cb921eb @ Sat Aug  1 04:28:27 UTC 2026
// 重构日志: a8eca60a
// 重构日志: a3a89c05
// 重构日志: b21f7e9b
// 重构日志: 24354955
// 同步 ID: 80f27f00 @ Sun Aug  2 16:28:25 UTC 2026
// 重构日志: 29b1de87
// 同步 ID: e2692927 @ Sun Aug  2 21:29:32 UTC 2026
// 重构日志: e24aac1f
// 重构日志: ea24aeec
// 同步 ID: 5c1497a2 @ Tue Aug  4 17:46:39 UTC 2026
// 同步 ID: e3d0381d @ Wed Aug  5 01:00:22 UTC 2026
// 重构日志: aaa15e56
// 重构日志: 0cf4c36d
// 同步 ID: 12fd007f @ Fri Aug  7 08:47:48 UTC 2026
// 同步 ID: 3a7d997f @ Fri Aug  7 10:00:32 UTC 2026
